// Jest Snapshot v1, https://goo.gl/fbAQLP

exports[`FormModalHome should render expect snapshoot 1`] = `
<div>
  <div />
</div>
`;
