// Jest Snapshot v1, https://goo.gl/fbAQLP

exports[`Loading Loading Render Snapshoot 1`] = `
<div>
  <div
    class="wrapper"
  >
    <div
      aria-busy="true"
      aria-live="polite"
      class="ant-spin ant-spin-spinning ant-spin-show-text"
    >
      <span
        class="ant-spin-dot ant-spin-dot-spin"
      >
        <i
          class="ant-spin-dot-item"
        />
        <i
          class="ant-spin-dot-item"
        />
        <i
          class="ant-spin-dot-item"
        />
        <i
          class="ant-spin-dot-item"
        />
      </span>
      <div
        class="ant-spin-text"
      >
        Loading...
      </div>
    </div>
  </div>
</div>
`;
