// Jest Snapshot v1, https://goo.gl/fbAQLP

exports[`Layout Layout Render Snapshoot 1`] = `
<div>
  <div
    class="layout-content"
  >
    <section
      class="ant-layout"
    >
      <div
        class="page-header-container"
      >
        <div
          class="page-header"
        >
          <div
            class="container"
          >
            <div
              class="header-wrapper"
            >
              <img
                alt="logo"
                src="/logo512.png"
              />
            </div>
            <div
              class="wrapper-right-text"
            >
              <div
                class="wrapper-text"
              >
                <span
                  class="ant-typography text"
                >
                  Login
                </span>
                <span
                  class="ant-typography text"
                >
                  Logout
                </span>
              </div>
            </div>
          </div>
        </div>
      </div>
      <div
        class="container"
      >
        <main
          class="ant-layout-content"
          style="padding: 0px 50px;"
        >
          <div
            class="site-layout-content"
          >
            <div>
              render layout
            </div>
          </div>
        </main>
      </div>
    </section>
  </div>
</div>
`;
